temp =- np.einsum('xB, IxXy, yY->IXYB', h_ae_so, t1_caaa, rdm_ca_so, optimize = True)
temp -= np.einsum('iB, IiXx, xY->IXYB', h_ce_so, t1_ccaa, rdm_ca_so, optimize = True)
temp -= np.einsum('Ix, XyBx, yY->IXYB', h_ca_so, t1_aaea, rdm_ca_so, optimize = True)
temp -= np.einsum('Ia, XxBa, xY->IXYB', h_ce_so, t1_aaee, rdm_ca_so, optimize = True)
temp -= np.einsum('xB, IxXy, yY->IXYB', t1_ae, v_caaa_so, rdm_ca_so, optimize = True)
temp -= np.einsum('iB, IiXx, xY->IXYB', t1_ce, v_ccaa_so, rdm_ca_so, optimize = True)
temp += np.einsum('Ix, XyxB, yY->IXYB', t1_ca, v_aaae_so, rdm_ca_so, optimize = True)
temp -= np.einsum('IxXy, ixiB, yY->IXYB', t1_caaa, v_cace_so, rdm_ca_so, optimize = True)
temp += np.einsum('IiXx, iyxB, yY->IXYB', t1_ccaa, v_caae_so, rdm_ca_so, optimize = True)
temp += np.einsum('IiXx, ijjB, xY->IXYB', t1_ccaa, v_ccce_so, rdm_ca_so, optimize = True)
temp += np.einsum('Iixy, iXxB, yY->IXYB', t1_ccaa, v_caae_so, rdm_ca_so, optimize = True)
temp += np.einsum('IiaX, ixBa, xY->IXYB', t1_ccea, v_caee_so, rdm_ca_so, optimize = True)
temp -= np.einsum('Iiax, iXBa, xY->IXYB', t1_ccea, v_caee_so, rdm_ca_so, optimize = True)
temp -= np.einsum('Ia, XxBa, xY->IXYB', t1_ce, v_aaee_so, rdm_ca_so, optimize = True)
temp += np.einsum('XxBy, Iiiy, xY->IXYB', t1_aaea, v_ccca_so, rdm_ca_so, optimize = True)
temp += np.einsum('XxBa, Iiia, xY->IXYB', t1_aaee, v_ccce_so, rdm_ca_so, optimize = True)
temp -= np.einsum('Xxay, IBya, xY->IXYB', t1_aaea, v_ceae_so, rdm_ca_so, optimize = True)
temp += 0.5 * np.einsum('Xxab, IBab, xY->IXYB', t1_aaee, v_ceee_so, rdm_ca_so, optimize = True)
temp -= np.einsum('iX, ixIB, xY->IXYB', t1_ca, v_cace_so, rdm_ca_so, optimize = True)
temp -= np.einsum('Xa, IBxa, xY->IXYB', t1_ae, v_ceae_so, rdm_ca_so, optimize = True)
temp -= np.einsum('iXBx, Iixy, yY->IXYB', t1_caea, v_ccaa_so, rdm_ca_so, optimize = True)
temp += np.einsum('iXBa, Iixa, xY->IXYB', t1_caee, v_ccae_so, rdm_ca_so, optimize = True)
temp += np.einsum('ix, iXIB, xY->IXYB', t1_ca, v_cace_so, rdm_ca_so, optimize = True)
temp -= np.einsum('ixBy, IiXy, xY->IXYB', t1_caea, v_ccaa_so, rdm_ca_so, optimize = True)
temp -= np.einsum('ixBa, IiXa, xY->IXYB', t1_caee, v_ccae_so, rdm_ca_so, optimize = True)
temp += 0.5 * np.einsum('ijXx, ijIB, xY->IXYB', t1_ccaa, v_ccce_so, rdm_ca_so, optimize = True)
temp += np.einsum('xa, IBXa, xY->IXYB', t1_ae, v_ceae_so, rdm_ca_so, optimize = True)
temp -= 0.5 * np.einsum('B, xB, IxXy, yY->IXYB', e_extern_so, t1_ae, t1_caaa, rdm_ca_so, optimize = True)
temp -= 0.5 * np.einsum('B, iB, IiXx, xY->IXYB', e_extern_so, t1_ce, t1_ccaa, rdm_ca_so, optimize = True)
temp -= 0.5 * np.einsum('B, Ix, XyBx, yY->IXYB', e_extern_so, t1_ca, t1_aaea, rdm_ca_so, optimize = True)
temp -= 0.5 * np.einsum('B, IiXx, iyBx, yY->IXYB', e_extern_so, t1_ccaa, t1_caea, rdm_ca_so, optimize = True)
temp -= 0.5 * np.einsum('B, Iixy, iXBx, yY->IXYB', e_extern_so, t1_ccaa, t1_caea, rdm_ca_so, optimize = True)
temp += 0.5 * np.einsum('B, IiaX, ixBa, xY->IXYB', e_extern_so, t1_ccea, t1_caee, rdm_ca_so, optimize = True)
temp -= 0.5 * np.einsum('B, Iiax, iXBa, xY->IXYB', e_extern_so, t1_ccea, t1_caee, rdm_ca_so, optimize = True)
temp -= 0.5 * np.einsum('B, Ia, XxBa, xY->IXYB', e_extern_so, t1_ce, t1_aaee, rdm_ca_so, optimize = True)
temp += 0.5 * np.einsum('I, xB, IxXy, yY->IXYB', e_core_so, t1_ae, t1_caaa, rdm_ca_so, optimize = True)
temp += 0.5 * np.einsum('I, iB, IiXx, xY->IXYB', e_core_so, t1_ce, t1_ccaa, rdm_ca_so, optimize = True)
temp += 0.5 * np.einsum('I, Ix, XyBx, yY->IXYB', e_core_so, t1_ca, t1_aaea, rdm_ca_so, optimize = True)
temp += 0.5 * np.einsum('I, IiXx, iyBx, yY->IXYB', e_core_so, t1_ccaa, t1_caea, rdm_ca_so, optimize = True)
temp += 0.5 * np.einsum('I, Iixy, iXBx, yY->IXYB', e_core_so, t1_ccaa, t1_caea, rdm_ca_so, optimize = True)
temp -= 0.5 * np.einsum('I, IiaX, ixBa, xY->IXYB', e_core_so, t1_ccea, t1_caee, rdm_ca_so, optimize = True)
temp += 0.5 * np.einsum('I, Iiax, iXBa, xY->IXYB', e_core_so, t1_ccea, t1_caee, rdm_ca_so, optimize = True)
temp += 0.5 * np.einsum('I, Ia, XxBa, xY->IXYB', e_core_so, t1_ce, t1_aaee, rdm_ca_so, optimize = True)
temp += np.einsum('i, IiXx, iB, xY->IXYB', e_core_so, t1_ccaa, t1_ce, rdm_ca_so, optimize = True)
temp += 0.5 * np.einsum('i, IiXx, iyBx, yY->IXYB', e_core_so, t1_ccaa, t1_caea, rdm_ca_so, optimize = True)
temp += 0.5 * np.einsum('i, Iixy, iXBx, yY->IXYB', e_core_so, t1_ccaa, t1_caea, rdm_ca_so, optimize = True)
temp -= 0.5 * np.einsum('i, IiaX, ixBa, xY->IXYB', e_core_so, t1_ccea, t1_caee, rdm_ca_so, optimize = True)
temp += 0.5 * np.einsum('i, Iiax, iXBa, xY->IXYB', e_core_so, t1_ccea, t1_caee, rdm_ca_so, optimize = True)
temp += 0.5 * np.einsum('i, iXBx, Iixy, yY->IXYB', e_core_so, t1_caea, t1_ccaa, rdm_ca_so, optimize = True)
temp += 0.5 * np.einsum('i, iXBa, Iiax, xY->IXYB', e_core_so, t1_caee, t1_ccea, rdm_ca_so, optimize = True)
temp += 0.5 * np.einsum('i, ixBy, IiXy, xY->IXYB', e_core_so, t1_caea, t1_ccaa, rdm_ca_so, optimize = True)
temp -= 0.5 * np.einsum('i, ixBa, IiaX, xY->IXYB', e_core_so, t1_caee, t1_ccea, rdm_ca_so, optimize = True)
temp -= np.einsum('a, XxBa, Ia, xY->IXYB', e_extern_so, t1_aaee, t1_ce, rdm_ca_so, optimize = True)
temp -= np.einsum('a, iXBa, Iiax, xY->IXYB', e_extern_so, t1_caee, t1_ccea, rdm_ca_so, optimize = True)
temp += np.einsum('a, ixBa, IiaX, xY->IXYB', e_extern_so, t1_caee, t1_ccea, rdm_ca_so, optimize = True)
temp -= 0.5 * np.einsum('Xx, Iyxz, yB, zY->IXYB', h_aa_so, t1_caaa, t1_ae, rdm_ca_so, optimize = True)
temp -= 0.5 * np.einsum('Xx, Iixy, iB, yY->IXYB', h_aa_so, t1_ccaa, t1_ce, rdm_ca_so, optimize = True)
temp -= 0.5 * np.einsum('Xx, Iixy, izBy, zY->IXYB', h_aa_so, t1_ccaa, t1_caea, rdm_ca_so, optimize = True)
temp += 0.5 * np.einsum('Xx, Iiax, iyBa, yY->IXYB', h_aa_so, t1_ccea, t1_caee, rdm_ca_so, optimize = True)
temp += 0.5 * np.einsum('Xx, xyBz, Iz, yY->IXYB', h_aa_so, t1_aaea, t1_ca, rdm_ca_so, optimize = True)
temp += 0.5 * np.einsum('Xx, xyBa, Ia, yY->IXYB', h_aa_so, t1_aaee, t1_ce, rdm_ca_so, optimize = True)
temp += 0.5 * np.einsum('Xx, ixBy, Iiyz, zY->IXYB', h_aa_so, t1_caea, t1_ccaa, rdm_ca_so, optimize = True)
temp += 0.5 * np.einsum('Xx, ixBa, Iiay, yY->IXYB', h_aa_so, t1_caee, t1_ccea, rdm_ca_so, optimize = True)
temp += np.einsum('xy, xB, IyXz, zY->IXYB', h_aa_so, t1_ae, t1_caaa, rdm_ca_so, optimize = True)
temp -= np.einsum('xy, Ix, XzBy, zY->IXYB', h_aa_so, t1_ca, t1_aaea, rdm_ca_so, optimize = True)
temp -= 0.5 * np.einsum('xy, IzXx, zB, yY->IXYB', h_aa_so, t1_caaa, t1_ae, rdm_ca_so, optimize = True)
temp -= 0.5 * np.einsum('xy, IiXx, iB, yY->IXYB', h_aa_so, t1_ccaa, t1_ce, rdm_ca_so, optimize = True)
temp -= np.einsum('xy, IiXx, izBy, zY->IXYB', h_aa_so, t1_ccaa, t1_caea, rdm_ca_so, optimize = True)
temp -= np.einsum('xy, Iixz, iXBy, zY->IXYB', h_aa_so, t1_ccaa, t1_caea, rdm_ca_so, optimize = True)
temp += 0.5 * np.einsum('xy, Iixz, iXBz, yY->IXYB', h_aa_so, t1_ccaa, t1_caea, rdm_ca_so, optimize = True)
temp -= 0.5 * np.einsum('xy, Iiax, iXBa, yY->IXYB', h_aa_so, t1_ccea, t1_caee, rdm_ca_so, optimize = True)
temp += 0.5 * np.einsum('xy, XxBz, Iz, yY->IXYB', h_aa_so, t1_aaea, t1_ca, rdm_ca_so, optimize = True)
temp += 0.5 * np.einsum('xy, XxBa, Ia, yY->IXYB', h_aa_so, t1_aaee, t1_ce, rdm_ca_so, optimize = True)
temp += 0.5 * np.einsum('xy, ixBz, IiXz, yY->IXYB', h_aa_so, t1_caea, t1_ccaa, rdm_ca_so, optimize = True)
temp -= 0.5 * np.einsum('xy, ixBa, IiaX, yY->IXYB', h_aa_so, t1_caee, t1_ccea, rdm_ca_so, optimize = True)
temp -= 0.5 * np.einsum('iXix, Iyxz, yB, zY->IXYB', v_caca_so, t1_caaa, t1_ae, rdm_ca_so, optimize = True)
temp -= 0.5 * np.einsum('iXix, Ijxy, jB, yY->IXYB', v_caca_so, t1_ccaa, t1_ce, rdm_ca_so, optimize = True)
temp -= 0.5 * np.einsum('iXix, Ijxy, jzBy, zY->IXYB', v_caca_so, t1_ccaa, t1_caea, rdm_ca_so, optimize = True)
temp += 0.5 * np.einsum('iXix, Ijax, jyBa, yY->IXYB', v_caca_so, t1_ccea, t1_caee, rdm_ca_so, optimize = True)
temp += 0.5 * np.einsum('iXix, xyBz, Iz, yY->IXYB', v_caca_so, t1_aaea, t1_ca, rdm_ca_so, optimize = True)
temp += 0.5 * np.einsum('iXix, xyBa, Ia, yY->IXYB', v_caca_so, t1_aaee, t1_ce, rdm_ca_so, optimize = True)
temp += 0.5 * np.einsum('iXix, jxBy, Ijyz, zY->IXYB', v_caca_so, t1_caea, t1_ccaa, rdm_ca_so, optimize = True)
temp += 0.5 * np.einsum('iXix, jxBa, Ijay, yY->IXYB', v_caca_so, t1_caee, t1_ccea, rdm_ca_so, optimize = True)
temp += np.einsum('xyXz, xB, Iy, zY->IXYB', v_aaaa_so, t1_ae, t1_ca, rdm_ca_so, optimize = True)
temp -= 0.25 * np.einsum('xyXz, Iwxy, wB, zY->IXYB', v_aaaa_so, t1_caaa, t1_ae, rdm_ca_so, optimize = True)
temp -= 0.25 * np.einsum('xyXz, Iixy, iB, zY->IXYB', v_aaaa_so, t1_ccaa, t1_ce, rdm_ca_so, optimize = True)
temp -= 0.5 * np.einsum('xyXz, Iixy, iwBz, wY->IXYB', v_aaaa_so, t1_ccaa, t1_caea, rdm_ca_so, optimize = True)
temp += 0.5 * np.einsum('xyXz, Iixw, iyBw, zY->IXYB', v_aaaa_so, t1_ccaa, t1_caea, rdm_ca_so, optimize = True)
temp -= 0.5 * np.einsum('xyXz, Iiax, iyBa, zY->IXYB', v_aaaa_so, t1_ccea, t1_caee, rdm_ca_so, optimize = True)
temp += 0.25 * np.einsum('xyXz, xyBw, Iw, zY->IXYB', v_aaaa_so, t1_aaea, t1_ca, rdm_ca_so, optimize = True)
temp += 0.25 * np.einsum('xyXz, xyBa, Ia, zY->IXYB', v_aaaa_so, t1_aaee, t1_ce, rdm_ca_so, optimize = True)
temp -= 0.5 * np.einsum('xyzw, Iixy, iXBz, wY->IXYB', v_aaaa_so, t1_ccaa, t1_caea, rdm_ca_so, optimize = True)
temp += np.einsum('ixiy, IxXz, yB, zY->IXYB', v_caca_so, t1_caaa, t1_ae, rdm_ca_so, optimize = True)
temp -= 0.5 * np.einsum('ixiy, IzXy, zB, xY->IXYB', v_caca_so, t1_caaa, t1_ae, rdm_ca_so, optimize = True)
temp -= 0.5 * np.einsum('ixiy, IjXy, jB, xY->IXYB', v_caca_so, t1_ccaa, t1_ce, rdm_ca_so, optimize = True)
temp += 0.5 * np.einsum('ixiy, Ijyz, jXBz, xY->IXYB', v_caca_so, t1_ccaa, t1_caea, rdm_ca_so, optimize = True)
temp -= 0.5 * np.einsum('ixiy, Ijay, jXBa, xY->IXYB', v_caca_so, t1_ccea, t1_caee, rdm_ca_so, optimize = True)
temp += 0.5 * np.einsum('ixiy, XyBz, Iz, xY->IXYB', v_caca_so, t1_aaea, t1_ca, rdm_ca_so, optimize = True)
temp += 0.5 * np.einsum('ixiy, XyBa, Ia, xY->IXYB', v_caca_so, t1_aaee, t1_ce, rdm_ca_so, optimize = True)
temp -= np.einsum('ixiy, XzBx, Iy, zY->IXYB', v_caca_so, t1_aaea, t1_ca, rdm_ca_so, optimize = True)
temp -= np.einsum('ixiy, jXBx, Ijyz, zY->IXYB', v_caca_so, t1_caea, t1_ccaa, rdm_ca_so, optimize = True)
temp += 0.5 * np.einsum('ixiy, jyBz, IjXz, xY->IXYB', v_caca_so, t1_caea, t1_ccaa, rdm_ca_so, optimize = True)
temp -= 0.5 * np.einsum('ixiy, jyBa, IjaX, xY->IXYB', v_caca_so, t1_caee, t1_ccea, rdm_ca_so, optimize = True)
temp -= np.einsum('ixiy, jzBx, IjXy, zY->IXYB', v_caca_so, t1_caea, t1_ccaa, rdm_ca_so, optimize = True)
temp -= 0.5 * np.einsum('xB, Ixyz, yzXY->IXYB', h_ae_so, t1_caaa, rdm_ccaa_so, optimize = True)
temp -= 0.5 * np.einsum('iB, Iixy, xyXY->IXYB', h_ce_so, t1_ccaa, rdm_ccaa_so, optimize = True)
temp -= 0.5 * np.einsum('Ix, yzBx, yzXY->IXYB', h_ca_so, t1_aaea, rdm_ccaa_so, optimize = True)
temp -= 0.5 * np.einsum('Ia, xyBa, xyXY->IXYB', h_ce_so, t1_aaee, rdm_ccaa_so, optimize = True)
temp -= 0.5 * np.einsum('xB, Ixyz, yzXY->IXYB', t1_ae, v_caaa_so, rdm_ccaa_so, optimize = True)
temp -= 0.5 * np.einsum('iB, Iixy, xyXY->IXYB', t1_ce, v_ccaa_so, rdm_ccaa_so, optimize = True)
temp += 0.5 * np.einsum('Ix, yzxB, yzXY->IXYB', t1_ca, v_aaae_so, rdm_ccaa_so, optimize = True)
temp += 0.5 * np.einsum('IxXy, zwyB, zwYx->IXYB', t1_caaa, v_aaae_so, rdm_ccaa_so, optimize = True)
temp -= np.einsum('IxXy, xwzB, ywYz->IXYB', t1_caaa, v_aaae_so, rdm_ccaa_so, optimize = True)
temp += np.einsum('Ixyz, XwyB, zwYx->IXYB', t1_caaa, v_aaae_so, rdm_ccaa_so, optimize = True)
temp += 0.5 * np.einsum('Ixyz, XxwB, yzYw->IXYB', t1_caaa, v_aaae_so, rdm_ccaa_so, optimize = True)
temp -= 0.5 * np.einsum('Ixyz, ixiB, yzXY->IXYB', t1_caaa, v_cace_so, rdm_ccaa_so, optimize = True)
temp += 0.5 * np.einsum('IxaX, yzBa, yzYx->IXYB', t1_caea, v_aaee_so, rdm_ccaa_so, optimize = True)
temp -= np.einsum('Ixay, XzBa, yzYx->IXYB', t1_caea, v_aaee_so, rdm_ccaa_so, optimize = True)
temp -= np.einsum('IiXx, izyB, xzYy->IXYB', t1_ccaa, v_caae_so, rdm_ccaa_so, optimize = True)
temp -= np.einsum('Iixy, izxB, yzXY->IXYB', t1_ccaa, v_caae_so, rdm_ccaa_so, optimize = True)
temp -= 0.5 * np.einsum('Iixy, iXzB, xyYz->IXYB', t1_ccaa, v_caae_so, rdm_ccaa_so, optimize = True)
temp += 0.5 * np.einsum('Iixy, ijjB, xyXY->IXYB', t1_ccaa, v_ccce_so, rdm_ccaa_so, optimize = True)
temp += np.einsum('Iiax, iyBa, xyXY->IXYB', t1_ccea, v_caee_so, rdm_ccaa_so, optimize = True)
temp -= 0.5 * np.einsum('Ia, xyBa, xyXY->IXYB', t1_ce, v_aaee_so, rdm_ccaa_so, optimize = True)
temp -= 0.5 * np.einsum('XxBy, Ixzw, zwYy->IXYB', t1_aaea, v_caaa_so, rdm_ccaa_so, optimize = True)
temp += np.einsum('XxBy, Izyw, xwYz->IXYB', t1_aaea, v_caaa_so, rdm_ccaa_so, optimize = True)
temp -= np.einsum('XxBa, Iyza, xzYy->IXYB', t1_aaee, v_caae_so, rdm_ccaa_so, optimize = True)
temp -= np.einsum('Xxay, IBza, xzYy->IXYB', t1_aaea, v_ceae_so, rdm_ccaa_so, optimize = True)
temp -= np.einsum('xyBz, IxXw, ywYz->IXYB', t1_aaea, v_caaa_so, rdm_ccaa_so, optimize = True)
temp -= 0.5 * np.einsum('xyBz, IwXz, xyYw->IXYB', t1_aaea, v_caaa_so, rdm_ccaa_so, optimize = True)
temp += 0.5 * np.einsum('xyBz, Iiiz, xyXY->IXYB', t1_aaea, v_ccca_so, rdm_ccaa_so, optimize = True)
temp -= 0.5 * np.einsum('xyBa, IzXa, xyYz->IXYB', t1_aaee, v_caae_so, rdm_ccaa_so, optimize = True)
temp += 0.5 * np.einsum('xyBa, Iiia, xyXY->IXYB', t1_aaee, v_ccce_so, rdm_ccaa_so, optimize = True)
temp -= 0.5 * np.einsum('xyaz, IBXa, xyYz->IXYB', t1_aaea, v_ceae_so, rdm_ccaa_so, optimize = True)
temp -= 0.5 * np.einsum('xyaz, IBza, xyXY->IXYB', t1_aaea, v_ceae_so, rdm_ccaa_so, optimize = True)
temp += 0.25 * np.einsum('xyab, IBab, xyXY->IXYB', t1_aaee, v_ceee_so, rdm_ccaa_so, optimize = True)
temp += 0.5 * np.einsum('iXBx, Iiyz, yzYx->IXYB', t1_caea, v_ccaa_so, rdm_ccaa_so, optimize = True)
temp -= np.einsum('ix, iyIB, xyXY->IXYB', t1_ca, v_cace_so, rdm_ccaa_so, optimize = True)
temp -= np.einsum('ixBy, IiXz, xzYy->IXYB', t1_caea, v_ccaa_so, rdm_ccaa_so, optimize = True)
temp -= np.einsum('ixBy, Iiyz, xzXY->IXYB', t1_caea, v_ccaa_so, rdm_ccaa_so, optimize = True)
temp += np.einsum('ixBa, Iiya, xyXY->IXYB', t1_caee, v_ccae_so, rdm_ccaa_so, optimize = True)
temp -= np.einsum('ixXy, izIB, yzYx->IXYB', t1_caaa, v_cace_so, rdm_ccaa_so, optimize = True)
temp -= 0.5 * np.einsum('ixyz, iXIB, yzYx->IXYB', t1_caaa, v_cace_so, rdm_ccaa_so, optimize = True)
temp += 0.25 * np.einsum('ijxy, ijIB, xyXY->IXYB', t1_ccaa, v_ccce_so, rdm_ccaa_so, optimize = True)
temp -= np.einsum('xa, IBya, xyXY->IXYB', t1_ae, v_ceae_so, rdm_ccaa_so, optimize = True)
temp -= 0.25 * np.einsum('B, xB, Ixyz, yzXY->IXYB', e_extern_so, t1_ae, t1_caaa, rdm_ccaa_so, optimize = True)
temp -= 0.25 * np.einsum('B, iB, Iixy, xyXY->IXYB', e_extern_so, t1_ce, t1_ccaa, rdm_ccaa_so, optimize = True)
temp -= 0.25 * np.einsum('B, Ix, yzBx, yzXY->IXYB', e_extern_so, t1_ca, t1_aaea, rdm_ccaa_so, optimize = True)
temp += 0.5 * np.einsum('B, IxXy, xzBw, yzYw->IXYB', e_extern_so, t1_caaa, t1_aaea, rdm_ccaa_so, optimize = True)
temp -= 0.25 * np.einsum('B, IxXy, zwBy, zwYx->IXYB', e_extern_so, t1_caaa, t1_aaea, rdm_ccaa_so, optimize = True)
temp -= 0.25 * np.einsum('B, Ixyz, XxBw, yzYw->IXYB', e_extern_so, t1_caaa, t1_aaea, rdm_ccaa_so, optimize = True)
temp -= 0.5 * np.einsum('B, Ixyz, XwBy, zwYx->IXYB', e_extern_so, t1_caaa, t1_aaea, rdm_ccaa_so, optimize = True)
temp += 0.25 * np.einsum('B, IxaX, yzBa, yzYx->IXYB', e_extern_so, t1_caea, t1_aaee, rdm_ccaa_so, optimize = True)
temp -= 0.5 * np.einsum('B, Ixay, XzBa, yzYx->IXYB', e_extern_so, t1_caea, t1_aaee, rdm_ccaa_so, optimize = True)
temp += 0.5 * np.einsum('B, IiXx, iyBz, xyYz->IXYB', e_extern_so, t1_ccaa, t1_caea, rdm_ccaa_so, optimize = True)
temp += 0.25 * np.einsum('B, Iixy, iXBz, xyYz->IXYB', e_extern_so, t1_ccaa, t1_caea, rdm_ccaa_so, optimize = True)
temp += 0.5 * np.einsum('B, Iixy, izBx, yzXY->IXYB', e_extern_so, t1_ccaa, t1_caea, rdm_ccaa_so, optimize = True)
temp += 0.5 * np.einsum('B, Iiax, iyBa, xyXY->IXYB', e_extern_so, t1_ccea, t1_caee, rdm_ccaa_so, optimize = True)
temp -= 0.25 * np.einsum('B, Ia, xyBa, xyXY->IXYB', e_extern_so, t1_ce, t1_aaee, rdm_ccaa_so, optimize = True)
temp += 0.25 * np.einsum('I, xB, Ixyz, yzXY->IXYB', e_core_so, t1_ae, t1_caaa, rdm_ccaa_so, optimize = True)
temp += 0.25 * np.einsum('I, iB, Iixy, xyXY->IXYB', e_core_so, t1_ce, t1_ccaa, rdm_ccaa_so, optimize = True)
temp += 0.25 * np.einsum('I, Ix, yzBx, yzXY->IXYB', e_core_so, t1_ca, t1_aaea, rdm_ccaa_so, optimize = True)
temp -= 0.5 * np.einsum('I, IxXy, xzBw, yzYw->IXYB', e_core_so, t1_caaa, t1_aaea, rdm_ccaa_so, optimize = True)
temp += 0.25 * np.einsum('I, IxXy, zwBy, zwYx->IXYB', e_core_so, t1_caaa, t1_aaea, rdm_ccaa_so, optimize = True)
temp += 0.25 * np.einsum('I, Ixyz, XxBw, yzYw->IXYB', e_core_so, t1_caaa, t1_aaea, rdm_ccaa_so, optimize = True)
temp += 0.5 * np.einsum('I, Ixyz, XwBy, zwYx->IXYB', e_core_so, t1_caaa, t1_aaea, rdm_ccaa_so, optimize = True)
temp -= 0.25 * np.einsum('I, IxaX, yzBa, yzYx->IXYB', e_core_so, t1_caea, t1_aaee, rdm_ccaa_so, optimize = True)
temp += 0.5 * np.einsum('I, Ixay, XzBa, yzYx->IXYB', e_core_so, t1_caea, t1_aaee, rdm_ccaa_so, optimize = True)
temp -= 0.5 * np.einsum('I, IiXx, iyBz, xyYz->IXYB', e_core_so, t1_ccaa, t1_caea, rdm_ccaa_so, optimize = True)
temp -= 0.25 * np.einsum('I, Iixy, iXBz, xyYz->IXYB', e_core_so, t1_ccaa, t1_caea, rdm_ccaa_so, optimize = True)
temp -= 0.5 * np.einsum('I, Iixy, izBx, yzXY->IXYB', e_core_so, t1_ccaa, t1_caea, rdm_ccaa_so, optimize = True)
temp -= 0.5 * np.einsum('I, Iiax, iyBa, xyXY->IXYB', e_core_so, t1_ccea, t1_caee, rdm_ccaa_so, optimize = True)
temp += 0.25 * np.einsum('I, Ia, xyBa, xyXY->IXYB', e_core_so, t1_ce, t1_aaee, rdm_ccaa_so, optimize = True)
temp -= np.einsum('i, IiXx, iyBz, xyYz->IXYB', e_core_so, t1_ccaa, t1_caea, rdm_ccaa_so, optimize = True)
temp += 0.5 * np.einsum('i, Iixy, iB, xyXY->IXYB', e_core_so, t1_ccaa, t1_ce, rdm_ccaa_so, optimize = True)
temp -= 0.5 * np.einsum('i, Iixy, iXBz, xyYz->IXYB', e_core_so, t1_ccaa, t1_caea, rdm_ccaa_so, optimize = True)
temp -= 0.5 * np.einsum('i, Iixy, izBx, yzXY->IXYB', e_core_so, t1_ccaa, t1_caea, rdm_ccaa_so, optimize = True)
temp -= 0.5 * np.einsum('i, Iiax, iyBa, xyXY->IXYB', e_core_so, t1_ccea, t1_caee, rdm_ccaa_so, optimize = True)
temp += 0.5 * np.einsum('i, ixBy, Iiyz, xzXY->IXYB', e_core_so, t1_caea, t1_ccaa, rdm_ccaa_so, optimize = True)
temp += 0.5 * np.einsum('i, ixBa, Iiay, xyXY->IXYB', e_core_so, t1_caee, t1_ccea, rdm_ccaa_so, optimize = True)
temp += np.einsum('a, XxBa, Iyaz, xzYy->IXYB', e_extern_so, t1_aaee, t1_caea, rdm_ccaa_so, optimize = True)
temp -= 0.5 * np.einsum('a, xyBa, Ia, xyXY->IXYB', e_extern_so, t1_aaee, t1_ce, rdm_ccaa_so, optimize = True)
temp += 0.5 * np.einsum('a, xyBa, IzaX, xyYz->IXYB', e_extern_so, t1_aaee, t1_caea, rdm_ccaa_so, optimize = True)
temp -= np.einsum('a, ixBa, Iiay, xyXY->IXYB', e_extern_so, t1_caee, t1_ccea, rdm_ccaa_so, optimize = True)
temp += 0.5 * np.einsum('Xx, Iyxz, ywBu, zwYu->IXYB', h_aa_so, t1_caaa, t1_aaea, rdm_ccaa_so, optimize = True)
temp -= 0.25 * np.einsum('Xx, Iyxz, wuBz, wuYy->IXYB', h_aa_so, t1_caaa, t1_aaea, rdm_ccaa_so, optimize = True)
temp += 0.25 * np.einsum('Xx, Iyax, zwBa, zwYy->IXYB', h_aa_so, t1_caea, t1_aaee, rdm_ccaa_so, optimize = True)
temp += 0.5 * np.einsum('Xx, Iixy, izBw, yzYw->IXYB', h_aa_so, t1_ccaa, t1_caea, rdm_ccaa_so, optimize = True)
temp += 0.25 * np.einsum('Xx, xyBz, Iywu, wuYz->IXYB', h_aa_so, t1_aaea, t1_caaa, rdm_ccaa_so, optimize = True)
temp -= 0.5 * np.einsum('Xx, xyBz, Iwzu, yuYw->IXYB', h_aa_so, t1_aaea, t1_caaa, rdm_ccaa_so, optimize = True)
temp -= 0.5 * np.einsum('Xx, xyBa, Izaw, ywYz->IXYB', h_aa_so, t1_aaee, t1_caea, rdm_ccaa_so, optimize = True)
temp -= 0.25 * np.einsum('Xx, ixBy, Iizw, zwYy->IXYB', h_aa_so, t1_caea, t1_ccaa, rdm_ccaa_so, optimize = True)
temp += 0.5 * np.einsum('xy, xB, Iyzw, zwXY->IXYB', h_aa_so, t1_ae, t1_caaa, rdm_ccaa_so, optimize = True)
temp -= 0.5 * np.einsum('xy, Ix, zwBy, zwXY->IXYB', h_aa_so, t1_ca, t1_aaea, rdm_ccaa_so, optimize = True)
temp -= np.einsum('xy, IxXz, ywBu, zwYu->IXYB', h_aa_so, t1_caaa, t1_aaea, rdm_ccaa_so, optimize = True)
temp += 0.25 * np.einsum('xy, IxXz, wuBz, wuYy->IXYB', h_aa_so, t1_caaa, t1_aaea, rdm_ccaa_so, optimize = True)
temp += 0.5 * np.einsum('xy, Ixzw, XyBu, zwYu->IXYB', h_aa_so, t1_caaa, t1_aaea, rdm_ccaa_so, optimize = True)
temp += 0.5 * np.einsum('xy, Ixzw, XuBz, wuYy->IXYB', h_aa_so, t1_caaa, t1_aaea, rdm_ccaa_so, optimize = True)
temp -= 0.25 * np.einsum('xy, IxaX, zwBa, zwYy->IXYB', h_aa_so, t1_caea, t1_aaee, rdm_ccaa_so, optimize = True)
temp += 0.5 * np.einsum('xy, Ixaz, XwBa, zwYy->IXYB', h_aa_so, t1_caea, t1_aaee, rdm_ccaa_so, optimize = True)
temp += 0.5 * np.einsum('xy, IzXx, zwBu, ywYu->IXYB', h_aa_so, t1_caaa, t1_aaea, rdm_ccaa_so, optimize = True)
temp -= 0.5 * np.einsum('xy, IzXx, wuBy, wuYz->IXYB', h_aa_so, t1_caaa, t1_aaea, rdm_ccaa_so, optimize = True)
temp -= 0.5 * np.einsum('xy, Izxw, zB, ywXY->IXYB', h_aa_so, t1_caaa, t1_ae, rdm_ccaa_so, optimize = True)
temp -= 0.5 * np.einsum('xy, Izxw, XzBu, ywYu->IXYB', h_aa_so, t1_caaa, t1_aaea, rdm_ccaa_so, optimize = True)
temp -= np.einsum('xy, Izxw, XuBy, wuYz->IXYB', h_aa_so, t1_caaa, t1_aaea, rdm_ccaa_so, optimize = True)
temp += 0.5 * np.einsum('xy, Izxw, XuBw, yuYz->IXYB', h_aa_so, t1_caaa, t1_aaea, rdm_ccaa_so, optimize = True)
temp -= 0.5 * np.einsum('xy, Izax, XwBa, ywYz->IXYB', h_aa_so, t1_caea, t1_aaee, rdm_ccaa_so, optimize = True)
temp += 0.5 * np.einsum('xy, IiXx, izBw, yzYw->IXYB', h_aa_so, t1_ccaa, t1_caea, rdm_ccaa_so, optimize = True)
temp -= 0.5 * np.einsum('xy, Iixz, iB, yzXY->IXYB', h_aa_so, t1_ccaa, t1_ce, rdm_ccaa_so, optimize = True)
temp += 0.5 * np.einsum('xy, Iixz, iXBw, yzYw->IXYB', h_aa_so, t1_ccaa, t1_caea, rdm_ccaa_so, optimize = True)
temp += np.einsum('xy, Iixz, iwBy, zwXY->IXYB', h_aa_so, t1_ccaa, t1_caea, rdm_ccaa_so, optimize = True)
temp -= 0.5 * np.einsum('xy, Iixz, iwBz, ywXY->IXYB', h_aa_so, t1_ccaa, t1_caea, rdm_ccaa_so, optimize = True)
temp += 0.5 * np.einsum('xy, Iiax, izBa, yzXY->IXYB', h_aa_so, t1_ccea, t1_caee, rdm_ccaa_so, optimize = True)
temp -= 0.5 * np.einsum('xy, XxBz, Iwzu, yuYw->IXYB', h_aa_so, t1_aaea, t1_caaa, rdm_ccaa_so, optimize = True)
temp -= 0.5 * np.einsum('xy, XxBa, Izaw, ywYz->IXYB', h_aa_so, t1_aaee, t1_caea, rdm_ccaa_so, optimize = True)
temp -= 0.25 * np.einsum('xy, XzBx, Izwu, wuYy->IXYB', h_aa_so, t1_aaea, t1_caaa, rdm_ccaa_so, optimize = True)
temp -= 0.5 * np.einsum('xy, xzBw, IzXu, yuYw->IXYB', h_aa_so, t1_aaea, t1_caaa, rdm_ccaa_so, optimize = True)
temp += 0.5 * np.einsum('xy, xzBw, Iw, yzXY->IXYB', h_aa_so, t1_aaea, t1_ca, rdm_ccaa_so, optimize = True)
temp += 0.5 * np.einsum('xy, xzBw, IuXw, yzYu->IXYB', h_aa_so, t1_aaea, t1_caaa, rdm_ccaa_so, optimize = True)
temp += 0.5 * np.einsum('xy, xzBa, Ia, yzXY->IXYB', h_aa_so, t1_aaee, t1_ce, rdm_ccaa_so, optimize = True)
temp -= 0.5 * np.einsum('xy, xzBa, IwaX, yzYw->IXYB', h_aa_so, t1_aaee, t1_caea, rdm_ccaa_so, optimize = True)
temp -= 0.5 * np.einsum('xy, zwBx, IzXu, wuYy->IXYB', h_aa_so, t1_aaea, t1_caaa, rdm_ccaa_so, optimize = True)
temp += 0.25 * np.einsum('xy, iXBx, Iizw, zwYy->IXYB', h_aa_so, t1_caea, t1_ccaa, rdm_ccaa_so, optimize = True)
temp += 0.5 * np.einsum('xy, ixBz, IiXw, ywYz->IXYB', h_aa_so, t1_caea, t1_ccaa, rdm_ccaa_so, optimize = True)
temp += 0.5 * np.einsum('xy, ixBz, Iizw, ywXY->IXYB', h_aa_so, t1_caea, t1_ccaa, rdm_ccaa_so, optimize = True)
temp += 0.5 * np.einsum('xy, ixBa, Iiaz, yzXY->IXYB', h_aa_so, t1_caee, t1_ccea, rdm_ccaa_so, optimize = True)
temp -= 0.5 * np.einsum('xy, izBx, IiXw, zwYy->IXYB', h_aa_so, t1_caea, t1_ccaa, rdm_ccaa_so, optimize = True)
temp += 0.5 * np.einsum('iXix, Iyxz, ywBu, zwYu->IXYB', v_caca_so, t1_caaa, t1_aaea, rdm_ccaa_so, optimize = True)
temp -= 0.25 * np.einsum('iXix, Iyxz, wuBz, wuYy->IXYB', v_caca_so, t1_caaa, t1_aaea, rdm_ccaa_so, optimize = True)
temp += 0.25 * np.einsum('iXix, Iyax, zwBa, zwYy->IXYB', v_caca_so, t1_caea, t1_aaee, rdm_ccaa_so, optimize = True)
temp += 0.5 * np.einsum('iXix, Ijxy, jzBw, yzYw->IXYB', v_caca_so, t1_ccaa, t1_caea, rdm_ccaa_so, optimize = True)
temp += 0.25 * np.einsum('iXix, xyBz, Iywu, wuYz->IXYB', v_caca_so, t1_aaea, t1_caaa, rdm_ccaa_so, optimize = True)
temp -= 0.5 * np.einsum('iXix, xyBz, Iwzu, yuYw->IXYB', v_caca_so, t1_aaea, t1_caaa, rdm_ccaa_so, optimize = True)
temp -= 0.5 * np.einsum('iXix, xyBa, Izaw, ywYz->IXYB', v_caca_so, t1_aaee, t1_caea, rdm_ccaa_so, optimize = True)
temp -= 0.25 * np.einsum('iXix, jxBy, Ijzw, zwYy->IXYB', v_caca_so, t1_caea, t1_ccaa, rdm_ccaa_so, optimize = True)
temp += 0.5 * np.einsum('xyXz, xB, Izwu, wuYy->IXYB', v_aaaa_so, t1_ae, t1_caaa, rdm_ccaa_so, optimize = True)
temp -= np.einsum('xyXz, xB, Iwyu, zuYw->IXYB', v_aaaa_so, t1_ae, t1_caaa, rdm_ccaa_so, optimize = True)
temp += np.einsum('xyXz, Ix, ywBu, zwYu->IXYB', v_aaaa_so, t1_ca, t1_aaea, rdm_ccaa_so, optimize = True)
temp -= 0.5 * np.einsum('xyXz, Ix, wuBz, wuYy->IXYB', v_aaaa_so, t1_ca, t1_aaea, rdm_ccaa_so, optimize = True)
temp += 0.25 * np.einsum('xyXz, Iwxy, wuBv, zuYv->IXYB', v_aaaa_so, t1_caaa, t1_aaea, rdm_ccaa_so, optimize = True)
temp -= 0.25 * np.einsum('xyXz, Iwxy, uvBz, uvYw->IXYB', v_aaaa_so, t1_caaa, t1_aaea, rdm_ccaa_so, optimize = True)
temp -= 0.5 * np.einsum('xyXz, Iwxu, wB, zuYy->IXYB', v_aaaa_so, t1_caaa, t1_ae, rdm_ccaa_so, optimize = True)
temp += 0.5 * np.einsum('xyXz, Iwxu, ywBv, zuYv->IXYB', v_aaaa_so, t1_caaa, t1_aaea, rdm_ccaa_so, optimize = True)
temp += 0.5 * np.einsum('xyXz, Iwxu, yvBu, zvYw->IXYB', v_aaaa_so, t1_caaa, t1_aaea, rdm_ccaa_so, optimize = True)
temp -= 0.5 * np.einsum('xyXz, Iwax, yuBa, zuYw->IXYB', v_aaaa_so, t1_caea, t1_aaee, rdm_ccaa_so, optimize = True)
temp += 0.25 * np.einsum('xyXz, Iixy, iwBu, zwYu->IXYB', v_aaaa_so, t1_ccaa, t1_caea, rdm_ccaa_so, optimize = True)
temp -= 0.5 * np.einsum('xyXz, Iixw, iB, zwYy->IXYB', v_aaaa_so, t1_ccaa, t1_ce, rdm_ccaa_so, optimize = True)
temp += 0.5 * np.einsum('xyXz, Iixw, iyBu, zwYu->IXYB', v_aaaa_so, t1_ccaa, t1_caea, rdm_ccaa_so, optimize = True)
temp += np.einsum('xyXz, Iixw, iuBz, wuYy->IXYB', v_aaaa_so, t1_ccaa, t1_caea, rdm_ccaa_so, optimize = True)
temp -= 0.5 * np.einsum('xyXz, Iixw, iuBw, zuYy->IXYB', v_aaaa_so, t1_ccaa, t1_caea, rdm_ccaa_so, optimize = True)
temp += 0.5 * np.einsum('xyXz, Iiax, iwBa, zwYy->IXYB', v_aaaa_so, t1_ccea, t1_caee, rdm_ccaa_so, optimize = True)
temp += 0.25 * np.einsum('xyXz, xyBw, Izuv, uvYw->IXYB', v_aaaa_so, t1_aaea, t1_caaa, rdm_ccaa_so, optimize = True)
temp -= 0.25 * np.einsum('xyXz, xyBw, Iuwv, zvYu->IXYB', v_aaaa_so, t1_aaea, t1_caaa, rdm_ccaa_so, optimize = True)
temp -= 0.25 * np.einsum('xyXz, xyBa, Iwau, zuYw->IXYB', v_aaaa_so, t1_aaee, t1_caea, rdm_ccaa_so, optimize = True)
temp += 0.5 * np.einsum('xyXz, xwBu, Iu, zwYy->IXYB', v_aaaa_so, t1_aaea, t1_ca, rdm_ccaa_so, optimize = True)
temp += 0.5 * np.einsum('xyXz, xwBa, Ia, zwYy->IXYB', v_aaaa_so, t1_aaee, t1_ce, rdm_ccaa_so, optimize = True)
temp += 0.5 * np.einsum('xyXz, ixBw, Iiwu, zuYy->IXYB', v_aaaa_so, t1_caea, t1_ccaa, rdm_ccaa_so, optimize = True)
temp += 0.5 * np.einsum('xyXz, ixBa, Iiaw, zwYy->IXYB', v_aaaa_so, t1_caee, t1_ccea, rdm_ccaa_so, optimize = True)
temp += 0.5 * np.einsum('xyzw, xB, Iy, zwXY->IXYB', v_aaaa_so, t1_ae, t1_ca, rdm_ccaa_so, optimize = True)
temp += np.einsum('xyzw, xB, IzXu, wuYy->IXYB', v_aaaa_so, t1_ae, t1_caaa, rdm_ccaa_so, optimize = True)
temp += 0.5 * np.einsum('xyzw, xB, IuXy, zwYu->IXYB', v_aaaa_so, t1_ae, t1_caaa, rdm_ccaa_so, optimize = True)
temp -= 0.5 * np.einsum('xyzw, Ix, XyBu, zwYu->IXYB', v_aaaa_so, t1_ca, t1_aaea, rdm_ccaa_so, optimize = True)
temp -= np.einsum('xyzw, Ix, XuBz, wuYy->IXYB', v_aaaa_so, t1_ca, t1_aaea, rdm_ccaa_so, optimize = True)
temp += 0.25 * np.einsum('xyzw, IuXx, uB, zwYy->IXYB', v_aaaa_so, t1_caaa, t1_ae, rdm_ccaa_so, optimize = True)
temp -= 0.25 * np.einsum('xyzw, IuXx, yuBv, zwYv->IXYB', v_aaaa_so, t1_caaa, t1_aaea, rdm_ccaa_so, optimize = True)
temp -= 0.125 * np.einsum('xyzw, Iuxy, uB, zwXY->IXYB', v_aaaa_so, t1_caaa, t1_ae, rdm_ccaa_so, optimize = True)
temp -= 0.125 * np.einsum('xyzw, Iuxy, XuBv, zwYv->IXYB', v_aaaa_so, t1_caaa, t1_aaea, rdm_ccaa_so, optimize = True)
temp -= 0.5 * np.einsum('xyzw, Iuxy, XvBz, wvYu->IXYB', v_aaaa_so, t1_caaa, t1_aaea, rdm_ccaa_so, optimize = True)
temp -= 0.25 * np.einsum('xyzw, Iuxv, XyBv, zwYu->IXYB', v_aaaa_so, t1_caaa, t1_aaea, rdm_ccaa_so, optimize = True)
temp += 0.25 * np.einsum('xyzw, Iuax, XyBa, zwYu->IXYB', v_aaaa_so, t1_caea, t1_aaee, rdm_ccaa_so, optimize = True)
temp += 0.25 * np.einsum('xyzw, IiXx, iB, zwYy->IXYB', v_aaaa_so, t1_ccaa, t1_ce, rdm_ccaa_so, optimize = True)
temp -= 0.25 * np.einsum('xyzw, IiXx, iyBu, zwYu->IXYB', v_aaaa_so, t1_ccaa, t1_caea, rdm_ccaa_so, optimize = True)
temp -= np.einsum('xyzw, IiXx, iuBz, wuYy->IXYB', v_aaaa_so, t1_ccaa, t1_caea, rdm_ccaa_so, optimize = True)
temp -= 0.125 * np.einsum('xyzw, Iixy, iB, zwXY->IXYB', v_aaaa_so, t1_ccaa, t1_ce, rdm_ccaa_so, optimize = True)
temp += 0.125 * np.einsum('xyzw, Iixy, iXBu, zwYu->IXYB', v_aaaa_so, t1_ccaa, t1_caea, rdm_ccaa_so, optimize = True)
temp += 0.5 * np.einsum('xyzw, Iixy, iuBz, wuXY->IXYB', v_aaaa_so, t1_ccaa, t1_caea, rdm_ccaa_so, optimize = True)
temp -= np.einsum('xyzw, Iixu, iXBz, wuYy->IXYB', v_aaaa_so, t1_ccaa, t1_caea, rdm_ccaa_so, optimize = True)
temp -= 0.25 * np.einsum('xyzw, Iixu, iXBu, zwYy->IXYB', v_aaaa_so, t1_ccaa, t1_caea, rdm_ccaa_so, optimize = True)
temp += 0.25 * np.einsum('xyzw, Iixu, iyBu, zwXY->IXYB', v_aaaa_so, t1_ccaa, t1_caea, rdm_ccaa_so, optimize = True)
temp += 0.25 * np.einsum('xyzw, Iiax, iXBa, zwYy->IXYB', v_aaaa_so, t1_ccea, t1_caee, rdm_ccaa_so, optimize = True)
temp -= 0.25 * np.einsum('xyzw, Iiax, iyBa, zwXY->IXYB', v_aaaa_so, t1_ccea, t1_caee, rdm_ccaa_so, optimize = True)
temp -= 0.25 * np.einsum('xyzw, XxBu, Iu, zwYy->IXYB', v_aaaa_so, t1_aaea, t1_ca, rdm_ccaa_so, optimize = True)
temp -= 0.25 * np.einsum('xyzw, XxBa, Ia, zwYy->IXYB', v_aaaa_so, t1_aaee, t1_ce, rdm_ccaa_so, optimize = True)
temp += 0.5 * np.einsum('xyzw, xyBu, IzXv, wvYu->IXYB', v_aaaa_so, t1_aaea, t1_caaa, rdm_ccaa_so, optimize = True)
temp += 0.125 * np.einsum('xyzw, xyBu, Iu, zwXY->IXYB', v_aaaa_so, t1_aaea, t1_ca, rdm_ccaa_so, optimize = True)
temp += 0.125 * np.einsum('xyzw, xyBu, IvXu, zwYv->IXYB', v_aaaa_so, t1_aaea, t1_caaa, rdm_ccaa_so, optimize = True)
temp += 0.125 * np.einsum('xyzw, xyBa, Ia, zwXY->IXYB', v_aaaa_so, t1_aaee, t1_ce, rdm_ccaa_so, optimize = True)
temp -= 0.125 * np.einsum('xyzw, xyBa, IuaX, zwYu->IXYB', v_aaaa_so, t1_aaee, t1_caea, rdm_ccaa_so, optimize = True)
temp -= 0.25 * np.einsum('xyzw, ixBu, IiXu, zwYy->IXYB', v_aaaa_so, t1_caea, t1_ccaa, rdm_ccaa_so, optimize = True)
temp += 0.25 * np.einsum('xyzw, ixBa, IiaX, zwYy->IXYB', v_aaaa_so, t1_caee, t1_ccea, rdm_ccaa_so, optimize = True)
temp -= np.einsum('ixiy, IxXz, ywBu, zwYu->IXYB', v_caca_so, t1_caaa, t1_aaea, rdm_ccaa_so, optimize = True)
temp += 0.25 * np.einsum('ixiy, IxXz, wuBz, wuYy->IXYB', v_caca_so, t1_caaa, t1_aaea, rdm_ccaa_so, optimize = True)
temp += 0.5 * np.einsum('ixiy, Ixzw, yB, zwXY->IXYB', v_caca_so, t1_caaa, t1_ae, rdm_ccaa_so, optimize = True)
temp += 0.5 * np.einsum('ixiy, Ixzw, XyBu, zwYu->IXYB', v_caca_so, t1_caaa, t1_aaea, rdm_ccaa_so, optimize = True)
temp += 0.5 * np.einsum('ixiy, Ixzw, XuBz, wuYy->IXYB', v_caca_so, t1_caaa, t1_aaea, rdm_ccaa_so, optimize = True)
temp -= 0.25 * np.einsum('ixiy, IxaX, zwBa, zwYy->IXYB', v_caca_so, t1_caea, t1_aaee, rdm_ccaa_so, optimize = True)
temp += 0.5 * np.einsum('ixiy, Ixaz, XwBa, zwYy->IXYB', v_caca_so, t1_caea, t1_aaee, rdm_ccaa_so, optimize = True)
temp += 0.5 * np.einsum('ixiy, IzXy, zwBu, xwYu->IXYB', v_caca_so, t1_caaa, t1_aaea, rdm_ccaa_so, optimize = True)
temp -= 0.5 * np.einsum('ixiy, Izyw, zB, xwXY->IXYB', v_caca_so, t1_caaa, t1_ae, rdm_ccaa_so, optimize = True)
temp -= 0.5 * np.einsum('ixiy, Izyw, XzBu, xwYu->IXYB', v_caca_so, t1_caaa, t1_aaea, rdm_ccaa_so, optimize = True)
temp += 0.5 * np.einsum('ixiy, Izyw, XuBw, xuYz->IXYB', v_caca_so, t1_caaa, t1_aaea, rdm_ccaa_so, optimize = True)
temp -= 0.5 * np.einsum('ixiy, Izay, XwBa, xwYz->IXYB', v_caca_so, t1_caea, t1_aaee, rdm_ccaa_so, optimize = True)
temp += 0.5 * np.einsum('ixiy, IjXy, jzBw, xzYw->IXYB', v_caca_so, t1_ccaa, t1_caea, rdm_ccaa_so, optimize = True)
temp -= 0.5 * np.einsum('ixiy, Ijyz, jB, xzXY->IXYB', v_caca_so, t1_ccaa, t1_ce, rdm_ccaa_so, optimize = True)
temp += 0.5 * np.einsum('ixiy, Ijyz, jXBw, xzYw->IXYB', v_caca_so, t1_ccaa, t1_caea, rdm_ccaa_so, optimize = True)
temp -= 0.5 * np.einsum('ixiy, Ijyz, jwBz, xwXY->IXYB', v_caca_so, t1_ccaa, t1_caea, rdm_ccaa_so, optimize = True)
temp += 0.5 * np.einsum('ixiy, Ijay, jzBa, xzXY->IXYB', v_caca_so, t1_ccea, t1_caee, rdm_ccaa_so, optimize = True)
temp -= 0.5 * np.einsum('ixiy, XyBz, Iwzu, xuYw->IXYB', v_caca_so, t1_aaea, t1_caaa, rdm_ccaa_so, optimize = True)
temp -= 0.5 * np.einsum('ixiy, XyBa, Izaw, xwYz->IXYB', v_caca_so, t1_aaee, t1_caea, rdm_ccaa_so, optimize = True)
temp -= 0.25 * np.einsum('ixiy, XzBx, Izwu, wuYy->IXYB', v_caca_so, t1_aaea, t1_caaa, rdm_ccaa_so, optimize = True)
temp += np.einsum('ixiy, XzBx, Iwyu, zuYw->IXYB', v_caca_so, t1_aaea, t1_caaa, rdm_ccaa_so, optimize = True)
temp -= 0.5 * np.einsum('ixiy, yzBw, IzXu, xuYw->IXYB', v_caca_so, t1_aaea, t1_caaa, rdm_ccaa_so, optimize = True)
temp += 0.5 * np.einsum('ixiy, yzBw, Iw, xzXY->IXYB', v_caca_so, t1_aaea, t1_ca, rdm_ccaa_so, optimize = True)
temp += 0.5 * np.einsum('ixiy, yzBw, IuXw, xzYu->IXYB', v_caca_so, t1_aaea, t1_caaa, rdm_ccaa_so, optimize = True)
temp += 0.5 * np.einsum('ixiy, yzBa, Ia, xzXY->IXYB', v_caca_so, t1_aaee, t1_ce, rdm_ccaa_so, optimize = True)
temp -= 0.5 * np.einsum('ixiy, yzBa, IwaX, xzYw->IXYB', v_caca_so, t1_aaee, t1_caea, rdm_ccaa_so, optimize = True)
temp -= 0.5 * np.einsum('ixiy, zwBx, Iy, zwXY->IXYB', v_caca_so, t1_aaea, t1_ca, rdm_ccaa_so, optimize = True)
temp -= 0.5 * np.einsum('ixiy, zwBx, IzXu, wuYy->IXYB', v_caca_so, t1_aaea, t1_caaa, rdm_ccaa_so, optimize = True)
temp -= 0.5 * np.einsum('ixiy, zwBx, IuXy, zwYu->IXYB', v_caca_so, t1_aaea, t1_caaa, rdm_ccaa_so, optimize = True)
temp += 0.25 * np.einsum('ixiy, jXBx, Ijzw, zwYy->IXYB', v_caca_so, t1_caea, t1_ccaa, rdm_ccaa_so, optimize = True)
temp += 0.5 * np.einsum('ixiy, jyBz, IjXw, xwYz->IXYB', v_caca_so, t1_caea, t1_ccaa, rdm_ccaa_so, optimize = True)
temp += 0.5 * np.einsum('ixiy, jyBz, Ijzw, xwXY->IXYB', v_caca_so, t1_caea, t1_ccaa, rdm_ccaa_so, optimize = True)
temp += 0.5 * np.einsum('ixiy, jyBa, Ijaz, xzXY->IXYB', v_caca_so, t1_caee, t1_ccea, rdm_ccaa_so, optimize = True)
temp -= 0.5 * np.einsum('ixiy, jzBx, IjXw, zwYy->IXYB', v_caca_so, t1_caea, t1_ccaa, rdm_ccaa_so, optimize = True)
temp -= np.einsum('ixiy, jzBx, Ijyw, zwXY->IXYB', v_caca_so, t1_caea, t1_ccaa, rdm_ccaa_so, optimize = True)
temp += 0.5 * np.einsum('Ixyz, wuyB, zwuXYx->IXYB', t1_caaa, v_aaae_so, rdm_cccaaa_so, optimize = True)
temp += 0.5 * np.einsum('Ixyz, xuwB, yzuXYw->IXYB', t1_caaa, v_aaae_so, rdm_cccaaa_so, optimize = True)
temp -= 0.5 * np.einsum('Ixay, zwBa, yzwXYx->IXYB', t1_caea, v_aaee_so, rdm_cccaaa_so, optimize = True)
temp += 0.5 * np.einsum('Iixy, iwzB, xywXYz->IXYB', t1_ccaa, v_caae_so, rdm_cccaaa_so, optimize = True)
temp -= 0.5 * np.einsum('xyBz, Ixwu, ywuXYz->IXYB', t1_aaea, v_caaa_so, rdm_cccaaa_so, optimize = True)
temp -= 0.5 * np.einsum('xyBz, Iwzu, xyuXYw->IXYB', t1_aaea, v_caaa_so, rdm_cccaaa_so, optimize = True)
temp += 0.5 * np.einsum('xyBa, Izwa, xywXYz->IXYB', t1_aaee, v_caae_so, rdm_cccaaa_so, optimize = True)
temp += 0.5 * np.einsum('xyaz, IBwa, xywXYz->IXYB', t1_aaea, v_ceae_so, rdm_cccaaa_so, optimize = True)
temp -= 0.5 * np.einsum('ixBy, Iizw, xzwXYy->IXYB', t1_caea, v_ccaa_so, rdm_cccaaa_so, optimize = True)
temp += 0.5 * np.einsum('ixyz, iwIB, yzwXYx->IXYB', t1_caaa, v_cace_so, rdm_cccaaa_so, optimize = True)
temp -= 0.25 * np.einsum('B, Ixyz, xwBu, yzwXYu->IXYB', e_extern_so, t1_caaa, t1_aaea, rdm_cccaaa_so, optimize = True)
temp -= 0.25 * np.einsum('B, Ixyz, wuBy, zwuXYx->IXYB', e_extern_so, t1_caaa, t1_aaea, rdm_cccaaa_so, optimize = True)
temp -= 0.25 * np.einsum('B, Ixay, zwBa, yzwXYx->IXYB', e_extern_so, t1_caea, t1_aaee, rdm_cccaaa_so, optimize = True)
temp -= 0.25 * np.einsum('B, Iixy, izBw, xyzXYw->IXYB', e_extern_so, t1_ccaa, t1_caea, rdm_cccaaa_so, optimize = True)
temp += 0.25 * np.einsum('I, Ixyz, xwBu, yzwXYu->IXYB', e_core_so, t1_caaa, t1_aaea, rdm_cccaaa_so, optimize = True)
temp += 0.25 * np.einsum('I, Ixyz, wuBy, zwuXYx->IXYB', e_core_so, t1_caaa, t1_aaea, rdm_cccaaa_so, optimize = True)
temp += 0.25 * np.einsum('I, Ixay, zwBa, yzwXYx->IXYB', e_core_so, t1_caea, t1_aaee, rdm_cccaaa_so, optimize = True)
temp += 0.25 * np.einsum('I, Iixy, izBw, xyzXYw->IXYB', e_core_so, t1_ccaa, t1_caea, rdm_cccaaa_so, optimize = True)
temp += 0.5 * np.einsum('i, Iixy, izBw, xyzXYw->IXYB', e_core_so, t1_ccaa, t1_caea, rdm_cccaaa_so, optimize = True)
temp -= 0.5 * np.einsum('a, xyBa, Izaw, xywXYz->IXYB', e_extern_so, t1_aaee, t1_caea, rdm_cccaaa_so, optimize = True)
temp += 0.5 * np.einsum('xy, Ixzw, yuBv, zwuXYv->IXYB', h_aa_so, t1_caaa, t1_aaea, rdm_cccaaa_so, optimize = True)
temp += 0.25 * np.einsum('xy, Ixzw, uvBz, wuvXYy->IXYB', h_aa_so, t1_caaa, t1_aaea, rdm_cccaaa_so, optimize = True)
temp += 0.25 * np.einsum('xy, Ixaz, wuBa, zwuXYy->IXYB', h_aa_so, t1_caea, t1_aaee, rdm_cccaaa_so, optimize = True)
temp -= 0.5 * np.einsum('xy, Izxw, zuBv, ywuXYv->IXYB', h_aa_so, t1_caaa, t1_aaea, rdm_cccaaa_so, optimize = True)
temp -= 0.5 * np.einsum('xy, Izxw, uvBy, wuvXYz->IXYB', h_aa_so, t1_caaa, t1_aaea, rdm_cccaaa_so, optimize = True)
temp += 0.25 * np.einsum('xy, Izxw, uvBw, yuvXYz->IXYB', h_aa_so, t1_caaa, t1_aaea, rdm_cccaaa_so, optimize = True)
temp -= 0.25 * np.einsum('xy, Izax, wuBa, ywuXYz->IXYB', h_aa_so, t1_caea, t1_aaee, rdm_cccaaa_so, optimize = True)
temp -= 0.5 * np.einsum('xy, Iixz, iwBu, yzwXYu->IXYB', h_aa_so, t1_ccaa, t1_caea, rdm_cccaaa_so, optimize = True)
temp -= 0.25 * np.einsum('xy, xzBw, Izuv, yuvXYw->IXYB', h_aa_so, t1_aaea, t1_caaa, rdm_cccaaa_so, optimize = True)
temp += 0.5 * np.einsum('xy, xzBw, Iuwv, yzvXYu->IXYB', h_aa_so, t1_aaea, t1_caaa, rdm_cccaaa_so, optimize = True)
temp += 0.5 * np.einsum('xy, xzBa, Iwau, yzuXYw->IXYB', h_aa_so, t1_aaee, t1_caea, rdm_cccaaa_so, optimize = True)
temp -= 0.25 * np.einsum('xy, zwBx, Izuv, wuvXYy->IXYB', h_aa_so, t1_aaea, t1_caaa, rdm_cccaaa_so, optimize = True)
temp += 0.25 * np.einsum('xy, ixBz, Iiwu, ywuXYz->IXYB', h_aa_so, t1_caea, t1_ccaa, rdm_cccaaa_so, optimize = True)
temp -= 0.25 * np.einsum('xy, izBx, Iiwu, zwuXYy->IXYB', h_aa_so, t1_caea, t1_ccaa, rdm_cccaaa_so, optimize = True)
temp -= 0.125 * np.einsum('xyXz, Izwu, vsBw, uvsYxy->IXYB', v_aaaa_so, t1_caaa, t1_aaea, rdm_cccaaa_so, optimize = True)
temp -= 0.125 * np.einsum('xyXz, Izaw, uvBa, wuvYxy->IXYB', v_aaaa_so, t1_caea, t1_aaee, rdm_cccaaa_so, optimize = True)
temp += np.einsum('xyXz, Iwxu, yvBs, zuvYws->IXYB', v_aaaa_so, t1_caaa, t1_aaea, rdm_cccaaa_so, optimize = True)
temp -= 0.5 * np.einsum('xyXz, Iwxu, wvBs, zuvYys->IXYB', v_aaaa_so, t1_caaa, t1_aaea, rdm_cccaaa_so, optimize = True)
temp -= 0.5 * np.einsum('xyXz, Iwxu, vsBz, uvsYyw->IXYB', v_aaaa_so, t1_caaa, t1_aaea, rdm_cccaaa_so, optimize = True)
temp += 0.25 * np.einsum('xyXz, Iwxu, vsBu, zvsYyw->IXYB', v_aaaa_so, t1_caaa, t1_aaea, rdm_cccaaa_so, optimize = True)
temp -= 0.25 * np.einsum('xyXz, Iwax, uvBa, zuvYyw->IXYB', v_aaaa_so, t1_caea, t1_aaee, rdm_cccaaa_so, optimize = True)
temp -= 0.5 * np.einsum('xyXz, Iixw, iuBv, zwuYyv->IXYB', v_aaaa_so, t1_ccaa, t1_caea, rdm_cccaaa_so, optimize = True)
temp += 0.5 * np.einsum('xyXz, xwBu, Izvs, wvsYyu->IXYB', v_aaaa_so, t1_aaea, t1_caaa, rdm_cccaaa_so, optimize = True)
temp -= 0.25 * np.einsum('xyXz, xwBu, Iwvs, zvsYyu->IXYB', v_aaaa_so, t1_aaea, t1_caaa, rdm_cccaaa_so, optimize = True)
temp += 0.5 * np.einsum('xyXz, xwBu, Ivus, zwsYyv->IXYB', v_aaaa_so, t1_aaea, t1_caaa, rdm_cccaaa_so, optimize = True)
temp += 0.5 * np.einsum('xyXz, xwBa, Iuav, zwvYyu->IXYB', v_aaaa_so, t1_aaee, t1_caea, rdm_cccaaa_so, optimize = True)
temp += 0.125 * np.einsum('xyXz, wuBz, Iwvs, uvsYxy->IXYB', v_aaaa_so, t1_aaea, t1_caaa, rdm_cccaaa_so, optimize = True)
temp += 0.25 * np.einsum('xyXz, ixBw, Iiuv, zuvYyw->IXYB', v_aaaa_so, t1_caea, t1_ccaa, rdm_cccaaa_so, optimize = True)
temp += 0.125 * np.einsum('xyXz, iwBz, Iiuv, wuvYxy->IXYB', v_aaaa_so, t1_caea, t1_ccaa, rdm_cccaaa_so, optimize = True)
temp += 0.5 * np.einsum('xyzw, xB, Izuv, wuvXYy->IXYB', v_aaaa_so, t1_ae, t1_caaa, rdm_cccaaa_so, optimize = True)
temp += 0.5 * np.einsum('xyzw, xB, Iuyv, zwvXYu->IXYB', v_aaaa_so, t1_ae, t1_caaa, rdm_cccaaa_so, optimize = True)
temp -= 0.5 * np.einsum('xyzw, Ix, yuBv, zwuXYv->IXYB', v_aaaa_so, t1_ca, t1_aaea, rdm_cccaaa_so, optimize = True)
temp -= 0.5 * np.einsum('xyzw, Ix, uvBz, wuvXYy->IXYB', v_aaaa_so, t1_ca, t1_aaea, rdm_cccaaa_so, optimize = True)
temp -= 0.25 * np.einsum('xyzw, IzXu, vsBw, uvsYxy->IXYB', v_aaaa_so, t1_caaa, t1_aaea, rdm_cccaaa_so, optimize = True)
temp += 0.125 * np.einsum('xyzw, IzXu, vsBu, wvsYxy->IXYB', v_aaaa_so, t1_caaa, t1_aaea, rdm_cccaaa_so, optimize = True)
temp -= 0.25 * np.einsum('xyzw, Izuv, XsBw, uvsYxy->IXYB', v_aaaa_so, t1_caaa, t1_aaea, rdm_cccaaa_so, optimize = True)
temp += 0.25 * np.einsum('xyzw, Izuv, XsBu, wvsYxy->IXYB', v_aaaa_so, t1_caaa, t1_aaea, rdm_cccaaa_so, optimize = True)
temp -= 0.125 * np.einsum('xyzw, IzaX, uvBa, wuvYxy->IXYB', v_aaaa_so, t1_caea, t1_aaee, rdm_cccaaa_so, optimize = True)
temp += 0.25 * np.einsum('xyzw, Izau, XvBa, wuvYxy->IXYB', v_aaaa_so, t1_caea, t1_aaee, rdm_cccaaa_so, optimize = True)
temp -= 0.5 * np.einsum('xyzw, IuXx, yvBs, zwvYus->IXYB', v_aaaa_so, t1_caaa, t1_aaea, rdm_cccaaa_so, optimize = True)
temp += 0.25 * np.einsum('xyzw, IuXx, uvBs, zwvYys->IXYB', v_aaaa_so, t1_caaa, t1_aaea, rdm_cccaaa_so, optimize = True)
temp += 0.5 * np.einsum('xyzw, IuXx, vsBz, wvsYyu->IXYB', v_aaaa_so, t1_caaa, t1_aaea, rdm_cccaaa_so, optimize = True)
temp -= 0.125 * np.einsum('xyzw, Iuxy, uvBs, zwvXYs->IXYB', v_aaaa_so, t1_caaa, t1_aaea, rdm_cccaaa_so, optimize = True)
temp -= 0.25 * np.einsum('xyzw, Iuxy, vsBz, wvsXYu->IXYB', v_aaaa_so, t1_caaa, t1_aaea, rdm_cccaaa_so, optimize = True)
temp += 0.25 * np.einsum('xyzw, Iuxv, uB, zwvXYy->IXYB', v_aaaa_so, t1_caaa, t1_ae, rdm_cccaaa_so, optimize = True)
temp += 0.5 * np.einsum('xyzw, Iuxv, XyBs, zwvYus->IXYB', v_aaaa_so, t1_caaa, t1_aaea, rdm_cccaaa_so, optimize = True)
temp -= 0.25 * np.einsum('xyzw, Iuxv, XuBs, zwvYys->IXYB', v_aaaa_so, t1_caaa, t1_aaea, rdm_cccaaa_so, optimize = True)
temp += np.einsum('xyzw, Iuxv, XsBz, wvsYyu->IXYB', v_aaaa_so, t1_caaa, t1_aaea, rdm_cccaaa_so, optimize = True)
temp += 0.25 * np.einsum('xyzw, Iuxv, XsBv, zwsYyu->IXYB', v_aaaa_so, t1_caaa, t1_aaea, rdm_cccaaa_so, optimize = True)
temp -= 0.25 * np.einsum('xyzw, Iuxv, yuBs, zwvXYs->IXYB', v_aaaa_so, t1_caaa, t1_aaea, rdm_cccaaa_so, optimize = True)
temp -= 0.25 * np.einsum('xyzw, Iuxv, ysBv, zwsXYu->IXYB', v_aaaa_so, t1_caaa, t1_aaea, rdm_cccaaa_so, optimize = True)
temp -= 0.25 * np.einsum('xyzw, Iuax, XvBa, zwvYyu->IXYB', v_aaaa_so, t1_caea, t1_aaee, rdm_cccaaa_so, optimize = True)
temp += 0.25 * np.einsum('xyzw, Iuax, yvBa, zwvXYu->IXYB', v_aaaa_so, t1_caea, t1_aaee, rdm_cccaaa_so, optimize = True)
temp += 0.25 * np.einsum('xyzw, IiXx, iuBv, zwuYyv->IXYB', v_aaaa_so, t1_ccaa, t1_caea, rdm_cccaaa_so, optimize = True)
temp -= 0.125 * np.einsum('xyzw, Iixy, iuBv, zwuXYv->IXYB', v_aaaa_so, t1_ccaa, t1_caea, rdm_cccaaa_so, optimize = True)
temp += 0.25 * np.einsum('xyzw, Iixu, iB, zwuXYy->IXYB', v_aaaa_so, t1_ccaa, t1_ce, rdm_cccaaa_so, optimize = True)
temp += 0.25 * np.einsum('xyzw, Iixu, iXBv, zwuYyv->IXYB', v_aaaa_so, t1_ccaa, t1_caea, rdm_cccaaa_so, optimize = True)
temp -= 0.25 * np.einsum('xyzw, Iixu, iyBv, zwuXYv->IXYB', v_aaaa_so, t1_ccaa, t1_caea, rdm_cccaaa_so, optimize = True)
temp += np.einsum('xyzw, Iixu, ivBz, wuvXYy->IXYB', v_aaaa_so, t1_ccaa, t1_caea, rdm_cccaaa_so, optimize = True)
temp += 0.25 * np.einsum('xyzw, Iixu, ivBu, zwvXYy->IXYB', v_aaaa_so, t1_ccaa, t1_caea, rdm_cccaaa_so, optimize = True)
temp -= 0.25 * np.einsum('xyzw, Iiax, iuBa, zwuXYy->IXYB', v_aaaa_so, t1_ccea, t1_caee, rdm_cccaaa_so, optimize = True)
temp -= 0.5 * np.einsum('xyzw, XxBu, Izvs, wvsYyu->IXYB', v_aaaa_so, t1_aaea, t1_caaa, rdm_cccaaa_so, optimize = True)
temp -= 0.25 * np.einsum('xyzw, XxBu, Ivus, zwsYyv->IXYB', v_aaaa_so, t1_aaea, t1_caaa, rdm_cccaaa_so, optimize = True)
temp -= 0.25 * np.einsum('xyzw, XxBa, Iuav, zwvYyu->IXYB', v_aaaa_so, t1_aaee, t1_caea, rdm_cccaaa_so, optimize = True)
temp -= 0.125 * np.einsum('xyzw, XuBz, Iuvs, wvsYxy->IXYB', v_aaaa_so, t1_aaea, t1_caaa, rdm_cccaaa_so, optimize = True)
temp += 0.25 * np.einsum('xyzw, xyBu, Izvs, wvsXYu->IXYB', v_aaaa_so, t1_aaea, t1_caaa, rdm_cccaaa_so, optimize = True)
temp += 0.125 * np.einsum('xyzw, xyBu, Ivus, zwsXYv->IXYB', v_aaaa_so, t1_aaea, t1_caaa, rdm_cccaaa_so, optimize = True)
temp += 0.125 * np.einsum('xyzw, xyBa, Iuav, zwvXYu->IXYB', v_aaaa_so, t1_aaee, t1_caea, rdm_cccaaa_so, optimize = True)
temp -= np.einsum('xyzw, xuBv, IzXs, wusYyv->IXYB', v_aaaa_so, t1_aaea, t1_caaa, rdm_cccaaa_so, optimize = True)
temp -= 0.25 * np.einsum('xyzw, xuBv, IuXs, zwsYyv->IXYB', v_aaaa_so, t1_aaea, t1_caaa, rdm_cccaaa_so, optimize = True)
temp -= 0.25 * np.einsum('xyzw, xuBv, Iv, zwuXYy->IXYB', v_aaaa_so, t1_aaea, t1_ca, rdm_cccaaa_so, optimize = True)
temp += 0.25 * np.einsum('xyzw, xuBv, IsXv, zwuYys->IXYB', v_aaaa_so, t1_aaea, t1_caaa, rdm_cccaaa_so, optimize = True)
temp -= 0.25 * np.einsum('xyzw, xuBa, Ia, zwuXYy->IXYB', v_aaaa_so, t1_aaee, t1_ce, rdm_cccaaa_so, optimize = True)
temp -= 0.25 * np.einsum('xyzw, xuBa, IvaX, zwuYyv->IXYB', v_aaaa_so, t1_aaee, t1_caea, rdm_cccaaa_so, optimize = True)
temp -= 0.25 * np.einsum('xyzw, uvBz, IuXs, wvsYxy->IXYB', v_aaaa_so, t1_aaea, t1_caaa, rdm_cccaaa_so, optimize = True)
temp += 0.125 * np.einsum('xyzw, iXBz, Iiuv, wuvYxy->IXYB', v_aaaa_so, t1_caea, t1_ccaa, rdm_cccaaa_so, optimize = True)
temp += 0.25 * np.einsum('xyzw, ixBu, IiXv, zwvYyu->IXYB', v_aaaa_so, t1_caea, t1_ccaa, rdm_cccaaa_so, optimize = True)
temp -= 0.25 * np.einsum('xyzw, ixBu, Iiuv, zwvXYy->IXYB', v_aaaa_so, t1_caea, t1_ccaa, rdm_cccaaa_so, optimize = True)
temp -= 0.25 * np.einsum('xyzw, ixBa, Iiau, zwuXYy->IXYB', v_aaaa_so, t1_caee, t1_ccea, rdm_cccaaa_so, optimize = True)
temp -= 0.25 * np.einsum('xyzw, iuBz, IiXv, wuvYxy->IXYB', v_aaaa_so, t1_caea, t1_ccaa, rdm_cccaaa_so, optimize = True)
temp += 0.5 * np.einsum('ixiy, Ixzw, yuBv, zwuXYv->IXYB', v_caca_so, t1_caaa, t1_aaea, rdm_cccaaa_so, optimize = True)
temp += 0.25 * np.einsum('ixiy, Ixzw, uvBz, wuvXYy->IXYB', v_caca_so, t1_caaa, t1_aaea, rdm_cccaaa_so, optimize = True)
temp += 0.25 * np.einsum('ixiy, Ixaz, wuBa, zwuXYy->IXYB', v_caca_so, t1_caea, t1_aaee, rdm_cccaaa_so, optimize = True)
temp -= 0.5 * np.einsum('ixiy, Izyw, zuBv, xwuXYv->IXYB', v_caca_so, t1_caaa, t1_aaea, rdm_cccaaa_so, optimize = True)
temp += 0.25 * np.einsum('ixiy, Izyw, uvBw, xuvXYz->IXYB', v_caca_so, t1_caaa, t1_aaea, rdm_cccaaa_so, optimize = True)
temp -= 0.25 * np.einsum('ixiy, Izay, wuBa, xwuXYz->IXYB', v_caca_so, t1_caea, t1_aaee, rdm_cccaaa_so, optimize = True)
temp -= 0.5 * np.einsum('ixiy, Ijyz, jwBu, xzwXYu->IXYB', v_caca_so, t1_ccaa, t1_caea, rdm_cccaaa_so, optimize = True)
temp -= 0.25 * np.einsum('ixiy, yzBw, Izuv, xuvXYw->IXYB', v_caca_so, t1_aaea, t1_caaa, rdm_cccaaa_so, optimize = True)
temp += 0.5 * np.einsum('ixiy, yzBw, Iuwv, xzvXYu->IXYB', v_caca_so, t1_aaea, t1_caaa, rdm_cccaaa_so, optimize = True)
temp += 0.5 * np.einsum('ixiy, yzBa, Iwau, xzuXYw->IXYB', v_caca_so, t1_aaee, t1_caea, rdm_cccaaa_so, optimize = True)
temp -= 0.25 * np.einsum('ixiy, zwBx, Izuv, wuvXYy->IXYB', v_caca_so, t1_aaea, t1_caaa, rdm_cccaaa_so, optimize = True)
temp -= 0.5 * np.einsum('ixiy, zwBx, Iuyv, zwvXYu->IXYB', v_caca_so, t1_aaea, t1_caaa, rdm_cccaaa_so, optimize = True)
temp += 0.25 * np.einsum('ixiy, jyBz, Ijwu, xwuXYz->IXYB', v_caca_so, t1_caea, t1_ccaa, rdm_cccaaa_so, optimize = True)
temp -= 0.25 * np.einsum('ixiy, jzBx, Ijwu, zwuXYy->IXYB', v_caca_so, t1_caea, t1_ccaa, rdm_cccaaa_so, optimize = True)
temp -= 0.125 * np.einsum('xyzw, Izuv, stBw, uvstXYxy->IXYB', v_aaaa_so, t1_caaa, t1_aaea, rdm_ccccaaaa_so, optimize = True)
temp += 0.125 * np.einsum('xyzw, Izuv, stBu, wvstXYxy->IXYB', v_aaaa_so, t1_caaa, t1_aaea, rdm_ccccaaaa_so, optimize = True)
temp += 0.125 * np.einsum('xyzw, Izau, vsBa, wuvsXYxy->IXYB', v_aaaa_so, t1_caea, t1_aaee, rdm_ccccaaaa_so, optimize = True)
temp += 0.5 * np.einsum('xyzw, Iuxv, ysBt, zwvsXYut->IXYB', v_aaaa_so, t1_caaa, t1_aaea, rdm_ccccaaaa_so, optimize = True)
temp -= 0.25 * np.einsum('xyzw, Iuxv, usBt, zwvsXYyt->IXYB', v_aaaa_so, t1_caaa, t1_aaea, rdm_ccccaaaa_so, optimize = True)
temp += 0.5 * np.einsum('xyzw, Iuxv, stBz, wvstXYyu->IXYB', v_aaaa_so, t1_caaa, t1_aaea, rdm_ccccaaaa_so, optimize = True)
temp += 0.125 * np.einsum('xyzw, Iuxv, stBv, zwstXYyu->IXYB', v_aaaa_so, t1_caaa, t1_aaea, rdm_ccccaaaa_so, optimize = True)
temp -= 0.125 * np.einsum('xyzw, Iuax, vsBa, zwvsXYyu->IXYB', v_aaaa_so, t1_caea, t1_aaee, rdm_ccccaaaa_so, optimize = True)
temp -= 0.25 * np.einsum('xyzw, Iixu, ivBs, zwuvXYys->IXYB', v_aaaa_so, t1_ccaa, t1_caea, rdm_ccccaaaa_so, optimize = True)
temp -= 0.5 * np.einsum('xyzw, xuBv, Izst, wustXYyv->IXYB', v_aaaa_so, t1_aaea, t1_caaa, rdm_ccccaaaa_so, optimize = True)
temp -= 0.125 * np.einsum('xyzw, xuBv, Iust, zwstXYyv->IXYB', v_aaaa_so, t1_aaea, t1_caaa, rdm_ccccaaaa_so, optimize = True)
temp += 0.25 * np.einsum('xyzw, xuBv, Isvt, zwutXYys->IXYB', v_aaaa_so, t1_aaea, t1_caaa, rdm_ccccaaaa_so, optimize = True)
temp += 0.25 * np.einsum('xyzw, xuBa, Ivas, zwusXYyv->IXYB', v_aaaa_so, t1_aaee, t1_caea, rdm_ccccaaaa_so, optimize = True)
temp -= 0.125 * np.einsum('xyzw, uvBz, Iust, wvstXYxy->IXYB', v_aaaa_so, t1_aaea, t1_caaa, rdm_ccccaaaa_so, optimize = True)
temp += 0.125 * np.einsum('xyzw, ixBu, Iivs, zwvsXYyu->IXYB', v_aaaa_so, t1_caea, t1_ccaa, rdm_ccccaaaa_so, optimize = True)
temp -= 0.125 * np.einsum('xyzw, iuBz, Iivs, wuvsXYxy->IXYB', v_aaaa_so, t1_caea, t1_ccaa, rdm_ccccaaaa_so, optimize = True)
