temp = 0.5 * np.einsum('ix, ix->P', h_ca_so, t1_ca, optimize = True)
temp += 0.5 * np.einsum('ix, ix->P', h_ca_so, t1_ca, optimize = True)
temp += 0.5 * np.einsum('ia, ia->P', h_ce_so, t1_ce, optimize = True)
temp += 0.5 * np.einsum('ia, ia->P', h_ce_so, t1_ce, optimize = True)
temp -= 0.5 * np.einsum('ix, ijjx->P', t1_ca, v_ccca_so, optimize = True)
temp -= 0.5 * np.einsum('ix, ijjx->P', t1_ca, v_ccca_so, optimize = True)
temp += 0.125 * np.einsum('ijxy, ijxy->P', t1_ccaa, v_ccaa_so, optimize = True)
temp += 0.125 * np.einsum('ijxy, ijxy->P', t1_ccaa, v_ccaa_so, optimize = True)
temp -= 0.25 * np.einsum('ijax, ijxa->P', t1_ccea, v_ccae_so, optimize = True)
temp -= 0.25 * np.einsum('ijax, ijxa->P', t1_ccea, v_ccae_so, optimize = True)
temp += 0.125 * np.einsum('ijab, ijab->P', t1_ccee, v_ccee_so, optimize = True)
temp += 0.125 * np.einsum('ijab, ijab->P', t1_ccee, v_ccee_so, optimize = True)
temp -= 0.5 * np.einsum('ia, ijja->P', t1_ce, v_ccce_so, optimize = True)
temp -= 0.5 * np.einsum('ia, ijja->P', t1_ce, v_ccce_so, optimize = True)
temp -= 0.5 * np.einsum('ix, iy, Pxy->P', h_ca_so, t1_ca, trdm_ca_so, optimize = True)
temp -= 0.5 * np.einsum('ix, iy, Pyx->P', h_ca_so, t1_ca, trdm_ca_so, optimize = True)
temp += 0.5 * np.einsum('ix, iyxz, Pyz->P', h_ca_so, t1_caaa, trdm_ca_so, optimize = True)
temp += 0.5 * np.einsum('ix, iyxz, Pzy->P', h_ca_so, t1_caaa, trdm_ca_so, optimize = True)
temp += 0.5 * np.einsum('ia, ixay, Pxy->P', h_ce_so, t1_caea, trdm_ca_so, optimize = True)
temp += 0.5 * np.einsum('ia, ixay, Pyx->P', h_ce_so, t1_caea, trdm_ca_so, optimize = True)
temp += 0.5 * np.einsum('xa, ya, Pxy->P', h_ae_so, t1_ae, trdm_ca_so, optimize = True)
temp += 0.5 * np.einsum('xa, ya, Pyx->P', h_ae_so, t1_ae, trdm_ca_so, optimize = True)
temp += 0.5 * np.einsum('ix, izxy, Pzy->P', t1_ca, v_caaa_so, trdm_ca_so, optimize = True)
temp += 0.5 * np.einsum('ix, iyxz, Pzy->P', t1_ca, v_caaa_so, trdm_ca_so, optimize = True)
temp += 0.5 * np.einsum('ix, ijjy, Pyx->P', t1_ca, v_ccca_so, trdm_ca_so, optimize = True)
temp += 0.5 * np.einsum('ix, ijjy, Pxy->P', t1_ca, v_ccca_so, trdm_ca_so, optimize = True)
temp += 0.25 * np.einsum('ixyz, iwyz, Pxw->P', t1_caaa, v_caaa_so, trdm_ca_so, optimize = True)
temp -= 0.5 * np.einsum('ixyz, ijjy, Pxz->P', t1_caaa, v_ccca_so, trdm_ca_so, optimize = True)
temp += 0.25 * np.einsum('ixyz, iwyz, Pwx->P', t1_caaa, v_caaa_so, trdm_ca_so, optimize = True)
temp -= 0.5 * np.einsum('ixyz, ijjy, Pzx->P', t1_caaa, v_ccca_so, trdm_ca_so, optimize = True)
temp -= 0.5 * np.einsum('ixay, izya, Pxz->P', t1_caea, v_caae_so, trdm_ca_so, optimize = True)
temp -= 0.5 * np.einsum('ixay, ijja, Pxy->P', t1_caea, v_ccce_so, trdm_ca_so, optimize = True)
temp -= 0.5 * np.einsum('ixay, izya, Pzx->P', t1_caea, v_caae_so, trdm_ca_so, optimize = True)
temp -= 0.5 * np.einsum('ixay, ijja, Pyx->P', t1_caea, v_ccce_so, trdm_ca_so, optimize = True)
temp += 0.25 * np.einsum('ixab, iyab, Pxy->P', t1_caee, v_caee_so, trdm_ca_so, optimize = True)
temp += 0.25 * np.einsum('ixab, iyab, Pyx->P', t1_caee, v_caee_so, trdm_ca_so, optimize = True)
temp -= 0.25 * np.einsum('ijxy, ijxz, Pzy->P', t1_ccaa, v_ccaa_so, trdm_ca_so, optimize = True)
temp -= 0.25 * np.einsum('ijxy, ijxz, Pyz->P', t1_ccaa, v_ccaa_so, trdm_ca_so, optimize = True)
temp += 0.25 * np.einsum('ijax, ijya, Pyx->P', t1_ccea, v_ccae_so, trdm_ca_so, optimize = True)
temp += 0.25 * np.einsum('ijax, ijya, Pxy->P', t1_ccea, v_ccae_so, trdm_ca_so, optimize = True)
temp -= 0.5 * np.einsum('ia, ixya, Pyx->P', t1_ce, v_caae_so, trdm_ca_so, optimize = True)
temp += 0.5 * np.einsum('xa, iyia, Pyx->P', t1_ae, v_cace_so, trdm_ca_so, optimize = True)
temp += 0.5 * np.einsum('xa, iyia, Pxy->P', t1_ae, v_cace_so, trdm_ca_so, optimize = True)
temp -= 0.5 * np.einsum('ia, iyxa, Pyx->P', t1_ce, v_caae_so, trdm_ca_so, optimize = True)
temp += 0.25 * np.einsum('ix, iyzw, Pxyzw->P', h_ca_so, t1_caaa, trdm_ccaa_so, optimize = True)
temp += 0.25 * np.einsum('ix, iyzw, Pzwxy->P', h_ca_so, t1_caaa, trdm_ccaa_so, optimize = True)
temp -= 0.25 * np.einsum('xa, yzaw, Pxwyz->P', h_ae_so, t1_aaea, trdm_ccaa_so, optimize = True)
temp -= 0.25 * np.einsum('xa, yzaw, Pyzxw->P', h_ae_so, t1_aaea, trdm_ccaa_so, optimize = True)
temp += 0.125 * np.einsum('xyaz, wuza, Pwuxy->P', t1_aaea, v_aaae_so, trdm_ccaa_so, optimize = True)
temp += 0.25 * np.einsum('xyaz, iwia, Pzwxy->P', t1_aaea, v_cace_so, trdm_ccaa_so, optimize = True)
temp += 0.125 * np.einsum('xyaz, wuza, Pxywu->P', t1_aaea, v_aaae_so, trdm_ccaa_so, optimize = True)
temp += 0.25 * np.einsum('xyaz, iwia, Pxyzw->P', t1_aaea, v_cace_so, trdm_ccaa_so, optimize = True)
temp -= 0.0625 * np.einsum('xyab, zwab, Pzwxy->P', t1_aaee, v_aaee_so, trdm_ccaa_so, optimize = True)
temp -= 0.0625 * np.einsum('xyab, zwab, Pxyzw->P', t1_aaee, v_aaee_so, trdm_ccaa_so, optimize = True)
temp += 0.25 * np.einsum('ix, iyzw, Pzwxy->P', t1_ca, v_caaa_so, trdm_ccaa_so, optimize = True)
temp += 0.25 * np.einsum('ix, iwyz, Pxwyz->P', t1_ca, v_caaa_so, trdm_ccaa_so, optimize = True)
temp -= 0.5 * np.einsum('ixyz, iwyu, Pxuzw->P', t1_caaa, v_caaa_so, trdm_ccaa_so, optimize = True)
temp += 0.25 * np.einsum('ixyz, ijjw, Pxwyz->P', t1_caaa, v_ccca_so, trdm_ccaa_so, optimize = True)
temp -= 0.5 * np.einsum('ixyz, iuyw, Pzuxw->P', t1_caaa, v_caaa_so, trdm_ccaa_so, optimize = True)
temp += 0.25 * np.einsum('ixyz, ijjw, Pyzxw->P', t1_caaa, v_ccca_so, trdm_ccaa_so, optimize = True)
temp += 0.5 * np.einsum('ixay, izwa, Pxwyz->P', t1_caea, v_caae_so, trdm_ccaa_so, optimize = True)
temp += 0.5 * np.einsum('ixay, iwza, Pywxz->P', t1_caea, v_caae_so, trdm_ccaa_so, optimize = True)
temp -= 0.0625 * np.einsum('ijxy, ijzw, Pzwxy->P', t1_ccaa, v_ccaa_so, trdm_ccaa_so, optimize = True)
temp -= 0.0625 * np.einsum('ijxy, ijzw, Pxyzw->P', t1_ccaa, v_ccaa_so, trdm_ccaa_so, optimize = True)
temp += 0.25 * np.einsum('xa, zwya, Pzwxy->P', t1_ae, v_aaae_so, trdm_ccaa_so, optimize = True)
temp += 0.25 * np.einsum('xa, yzwa, Pxwyz->P', t1_ae, v_aaae_so, trdm_ccaa_so, optimize = True)
temp -= 0.125 * np.einsum('xyaz, uvwa, Pzuvxyw->P', t1_aaea, v_aaae_so, trdm_cccaaa_so, optimize = True)
temp -= 0.125 * np.einsum('xyaz, wuva, Pxyvzwu->P', t1_aaea, v_aaae_so, trdm_cccaaa_so, optimize = True)
temp -= 0.125 * np.einsum('ixyz, iwuv, Pxuvyzw->P', t1_caaa, v_caaa_so, trdm_cccaaa_so, optimize = True)
temp -= 0.125 * np.einsum('ixyz, ivwu, Pyzvxwu->P', t1_caaa, v_caaa_so, trdm_cccaaa_so, optimize = True)
