temp =  np.einsum('xA, IxX->IXA', h_ae_so, trdm_ca_so, optimize = True)
temp += np.einsum('ixiA, IxX->IXA', v_cace_so, trdm_ca_so, optimize = True)
temp += np.einsum('A, xA, IxX->IXA', e_extern_so, t1_ae, trdm_ca_so, optimize = True)
temp -= np.einsum('xy, xA, IyX->IXA', h_aa_so, t1_ae, trdm_ca_so, optimize = True)
temp -= np.einsum('xA, iyix, IyX->IXA', t1_ae, v_caca_so, trdm_ca_so, optimize = True)
temp += 0.5 * np.einsum('yzxA, IyzXx->IXA', v_aaae_so, trdm_ccaa_so, optimize = True)
temp -= 0.5 * np.einsum('A, xyAz, IxyXz->IXA', e_extern_so, t1_aaea, trdm_ccaa_so, optimize = True)
temp += np.einsum('xy, xzAw, IyzXw->IXA', h_aa_so, t1_aaea, trdm_ccaa_so, optimize = True)
temp -= 0.5 * np.einsum('xy, zwAx, IzwXy->IXA', h_aa_so, t1_aaea, trdm_ccaa_so, optimize = True)
temp += 0.5 * np.einsum('xA, xyzw, IzwXy->IXA', t1_ae, v_aaaa_so, trdm_ccaa_so, optimize = True)
temp += 0.25 * np.einsum('xyAz, xywu, IwuXz->IXA', t1_aaea, v_aaaa_so, trdm_ccaa_so, optimize = True)
temp -= 0.5 * np.einsum('xyAz, iziw, IxyXw->IXA', t1_aaea, v_caca_so, trdm_ccaa_so, optimize = True)
temp -= np.einsum('xyAz, iwix, IywXz->IXA', t1_aaea, v_caca_so, trdm_ccaa_so, optimize = True)
temp -= 0.5 * np.einsum('xyAz, xwuv, IyuvXzw->IXA', t1_aaea, v_aaaa_so, trdm_cccaaa_so, optimize = True)
temp -= 0.25 * np.einsum('xyAz, wuzv, IxyvXwu->IXA', t1_aaea, v_aaaa_so, trdm_cccaaa_so, optimize = True)
